Add Component: Footprint Not Found RT0603BRD0750KL
Add Component: Footprint Not Found RT0603BRD0750KL
Add Component: Footprint Not Found ICM-42670-P
Add Pin To Net: Unknown Pin: Pin R5-1
Add Pin To Net: Unknown Pin: Pin R5-2
Add Pin To Net: Unknown Pin: Pin R6-1
Add Pin To Net: Unknown Pin: Pin R6-2
Add Pin To Net: Unknown Pin: Pin U101-1
Add Pin To Net: Unknown Pin: Pin U101-2
Add Pin To Net: Unknown Pin: Pin U101-3
Add Pin To Net: Unknown Pin: Pin U101-4
Add Pin To Net: Unknown Pin: Pin U101-5
Add Pin To Net: Unknown Pin: Pin U101-6
Add Pin To Net: Unknown Pin: Pin U101-7
Add Pin To Net: Unknown Pin: Pin U101-8
Add Pin To Net: Unknown Pin: Pin U101-10
Add Pin To Net: Unknown Pin: Pin U101-11
Add Pin To Net: Unknown Pin: Pin U101-12
Add Pin To Net: Unknown Pin: Pin U101-13
Add Pin To Net: Unknown Pin: Pin U101-14
Add Class Member: Failed to add class member : Component R5 RT0603BRD0750KL
Add Class Member: Failed to add class member : Component R6 RT0603BRD0750KL
Add Class Member: Failed to add class member : Component U101 ICM-42670-P
