Add Component: Footprint Not Found GMC10X7R475K10NT
Add Component: Footprint Not Found GMC10X7R475K10NT
Add Component: Footprint Not Found GRM188R61A106ME69D
Add Component: Footprint Not Found GRM188R61A106ME69D
Add Component: Footprint Not Found GRM188R61A106ME69D
Add Component: Footprint Not Found KGM15AR70J104JT
Add Component: Footprint Not Found KGM15AR70J104JT
Add Component: Footprint Not Found GRM188R61E225KA12D
Add Component: Footprint Not Found KGM15AV51H103ZT
Add Component: Footprint Not Found KGM15AR70J104JT
Add Component: Footprint Not Found KGM15AR70J104JT
Add Component: Footprint Not Found GMC10X7R475K10NT
Add Component: Footprint Not Found KGM15AR70J104JT
Add Component: Footprint Not Found KGM15AR70J104JT
Add Component: Footprint Not Found KGM15AR70J104JT
Add Component: Footprint Not Found KGM15AR70J104JT
Add Component: Footprint Not Found KGM15AR70J104JT
Add Component: Footprint Not Found T1681UY--20C000212U1930
Add Component: Footprint Not Found T1681UY--20C000212U1930
Add Component: Footprint Not Found T1681UY--20C000212U1930
Add Component: Footprint Not Found T1681UY--20C000212U1930
Add Component: Footprint Not Found T1681UY--20C000212U1930
Add Component: Footprint Not Found T1681UY--20C000212U1930
Add Component: Footprint Not Found T1681UY--20C000212U1930
Add Component: Footprint Not Found T1681UY--20C000212U1930
Add Component: Footprint Not Found T1681UY--20C000212U1930
Add Component: Footprint Not Found T1681UY--20C000212U1930
Add Component: Footprint Not Found T1681UY--20C000212U1930
Add Component: Footprint Not Found T1681UY--20C000212U1930
Add Component: Footprint Not Found T1681UY--20C000212U1930
Add Component: Footprint Not Found T1681UY--20C000212U1930
Add Component: Footprint Not Found T1681UY--20C000212U1930
Add Component: Footprint Not Found SDR08C04LP3-7B
Add Component: Footprint Not Found SDR08C04LP3-7B
Add Component: Footprint Not Found AP3216ID
Add Component: Footprint Not Found USB4125-GF-A
Add Component: Footprint Not Found 0530480210
Add Component: Footprint Not Found 3220-14-0100-00
Add Component: Footprint Not Found 100MIL-JUMPER
Add Component: Footprint Not Found CIGW252010GL2R2MNE
Add Component: Footprint Not Found speaker-solder-points
Add Component: Footprint Not Found speaker-solder-points
Add Component: Footprint Not Found RC0603FR-075K1L
Add Component: Footprint Not Found RC0603FR-075K1L
Add Component: Footprint Not Found ERJ-3EKF4700V
Add Component: Footprint Not Found ERJ-3EKF2001V
Add Component: Footprint Not Found RT0603BRD0750KL
Add Component: Footprint Not Found RT0603BRD0750KL
Add Component: Footprint Not Found ERJ-3GEY0R00V
Add Component: Footprint Not Found ERJ-3GEY0R00V
Add Component: Footprint Not Found ERJ-3EKF1002V
Add Component: Footprint Not Found ERJ-3EKF1002V
Add Component: Footprint Not Found ERJ-3EKF1002V
Add Component: Footprint Not Found ERJ-3EKF1002V
Add Component: Footprint Not Found ERJ-3EKF1200V
Add Component: Footprint Not Found ERJ-3EKF1200V
Add Component: Footprint Not Found ERJ-3EKF1200V
Add Component: Footprint Not Found ERJ-3EKF1200V
Add Component: Footprint Not Found ERJ-3EKF1200V
Add Component: Footprint Not Found ERJ-3EKF1200V
Add Component: Footprint Not Found ERJ-3EKF1200V
Add Component: Footprint Not Found ERJ-3EKF1200V
Add Component: Footprint Not Found ERJ-3EKF1200V
Add Component: Footprint Not Found ERJ-3EKF1200V
Add Component: Footprint Not Found ERJ-3EKF1200V
Add Component: Footprint Not Found ERJ-3EKF1200V
Add Component: Footprint Not Found ERJ-3EKF1200V
Add Component: Footprint Not Found ERJ-3EKF1200V
Add Component: Footprint Not Found ERJ-3EKF1002V
Add Component: Footprint Not Found ERJ-3EKF1002V
Add Component: Footprint Not Found ERJ-3EKF1002V
Add Component: Footprint Not Found ERJ-P06J110V
Add Component: Footprint Not Found ERJ-3EKF1002V
Add Component: Footprint Not Found ERJ-P06J110V
Add Component: Footprint Not Found ERJ-3EKF4700V
Add Component: Footprint Not Found ERJ-3EKF1002V
Add Component: Footprint Not Found ERJ-3EKF1002V
Add Component: Footprint Not Found SLW-864574-5A-RA-N-D
Add Component: Footprint Not Found 25-mil-TP
Add Component: Footprint Not Found 25-mil-TP
Add Component: Footprint Not Found 25-mil-TP
Add Component: Footprint Not Found 25-mil-TP
Add Component: Footprint Not Found 25-mil-TP
Add Component: Footprint Not Found 25-mil-TP
Add Component: Footprint Not Found 25-mil-TP
Add Component: Footprint Not Found 25-mil-TP
Add Component: Footprint Not Found 25-mil-TP
Add Component: Footprint Not Found 25-mil-TP
Add Component: Footprint Not Found 25-mil-TP
Add Component: Footprint Not Found 25-mil-TP
Add Component: Footprint Not Found 25-mil-TP
Add Component: Footprint Not Found 25-mil-TP
Add Component: Footprint Not Found 25-mil-TP
Add Component: Footprint Not Found 25-mil-TP
Add Component: Footprint Not Found 25-mil-TP
Add Component: Footprint Not Found 25-mil-TP
Add Component: Footprint Not Found MCP73831T-2ATI/OT
Add Component: Footprint Not Found RT6150B-33GQW
Add Component: Footprint Not Found ICM-42670-P
Add Component: Footprint Not Found MC74HC244ADTR2G
Add Component: Footprint Not Found MC74HC244ADTR2G
Add Component: Footprint Not Found DMG1012UW-7
Add Component: Footprint Not Found DMG1012UW-7
Add Component: Footprint Not Found STM32L412C8T6
Add Pin To Net: Unknown Pin: Pin C1-1
Add Pin To Net: Unknown Pin: Pin C1-2
Add Pin To Net: Unknown Pin: Pin C2-1
Add Pin To Net: Unknown Pin: Pin C2-2
Add Pin To Net: Unknown Pin: Pin C3-1
Add Pin To Net: Unknown Pin: Pin C3-2
Add Pin To Net: Unknown Pin: Pin C4-1
Add Pin To Net: Unknown Pin: Pin C4-2
Add Pin To Net: Unknown Pin: Pin C5-1
Add Pin To Net: Unknown Pin: Pin C5-2
Add Pin To Net: Unknown Pin: Pin C6-1
Add Pin To Net: Unknown Pin: Pin C6-2
Add Pin To Net: Unknown Pin: Pin C101-1
Add Pin To Net: Unknown Pin: Pin C101-2
Add Pin To Net: Unknown Pin: Pin C102-1
Add Pin To Net: Unknown Pin: Pin C102-2
Add Pin To Net: Unknown Pin: Pin C103-1
Add Pin To Net: Unknown Pin: Pin C103-2
Add Pin To Net: Unknown Pin: Pin C201-1
Add Pin To Net: Unknown Pin: Pin C201-2
Add Pin To Net: Unknown Pin: Pin C202-1
Add Pin To Net: Unknown Pin: Pin C202-2
Add Pin To Net: Unknown Pin: Pin C401-1
Add Pin To Net: Unknown Pin: Pin C401-2
Add Pin To Net: Unknown Pin: Pin C402-1
Add Pin To Net: Unknown Pin: Pin C402-2
Add Pin To Net: Unknown Pin: Pin C403-1
Add Pin To Net: Unknown Pin: Pin C403-2
Add Pin To Net: Unknown Pin: Pin C404-1
Add Pin To Net: Unknown Pin: Pin C404-2
Add Pin To Net: Unknown Pin: Pin C405-1
Add Pin To Net: Unknown Pin: Pin C405-2
Add Pin To Net: Unknown Pin: Pin C406-1
Add Pin To Net: Unknown Pin: Pin C406-2
Add Pin To Net: Unknown Pin: Pin D1-1
Add Pin To Net: Unknown Pin: Pin D1-2
Add Pin To Net: Unknown Pin: Pin D201-1
Add Pin To Net: Unknown Pin: Pin D201-2
Add Pin To Net: Unknown Pin: Pin D202-1
Add Pin To Net: Unknown Pin: Pin D202-2
Add Pin To Net: Unknown Pin: Pin D203-1
Add Pin To Net: Unknown Pin: Pin D203-2
Add Pin To Net: Unknown Pin: Pin D204-1
Add Pin To Net: Unknown Pin: Pin D204-2
Add Pin To Net: Unknown Pin: Pin D205-1
Add Pin To Net: Unknown Pin: Pin D205-2
Add Pin To Net: Unknown Pin: Pin D206-1
Add Pin To Net: Unknown Pin: Pin D206-2
Add Pin To Net: Unknown Pin: Pin D207-1
Add Pin To Net: Unknown Pin: Pin D207-2
Add Pin To Net: Unknown Pin: Pin D208-1
Add Pin To Net: Unknown Pin: Pin D208-2
Add Pin To Net: Unknown Pin: Pin D209-1
Add Pin To Net: Unknown Pin: Pin D209-2
Add Pin To Net: Unknown Pin: Pin D210-1
Add Pin To Net: Unknown Pin: Pin D210-2
Add Pin To Net: Unknown Pin: Pin D211-1
Add Pin To Net: Unknown Pin: Pin D211-2
Add Pin To Net: Unknown Pin: Pin D212-1
Add Pin To Net: Unknown Pin: Pin D212-2
Add Pin To Net: Unknown Pin: Pin D213-1
Add Pin To Net: Unknown Pin: Pin D213-2
Add Pin To Net: Unknown Pin: Pin D214-1
Add Pin To Net: Unknown Pin: Pin D214-2
Add Pin To Net: Unknown Pin: Pin D301-1
Add Pin To Net: Unknown Pin: Pin D301-2
Add Pin To Net: Unknown Pin: Pin D302-1
Add Pin To Net: Unknown Pin: Pin D302-2
Add Pin To Net: Unknown Pin: Pin D401-1
Add Pin To Net: Unknown Pin: Pin D401-2
Add Pin To Net: Unknown Pin: Pin J1-A5
Add Pin To Net: Unknown Pin: Pin J1-A9
Add Pin To Net: Unknown Pin: Pin J1-A12
Add Pin To Net: Unknown Pin: Pin J1-B5
Add Pin To Net: Unknown Pin: Pin J1-B9
Add Pin To Net: Unknown Pin: Pin J1-B12
Add Pin To Net: Unknown Pin: Pin J1-SH1
Add Pin To Net: Unknown Pin: Pin J1-SH2
Add Pin To Net: Unknown Pin: Pin J1-SH3
Add Pin To Net: Unknown Pin: Pin J1-SH4
Add Pin To Net: Unknown Pin: Pin J2-1
Add Pin To Net: Unknown Pin: Pin J2-2
Add Pin To Net: Unknown Pin: Pin J401-3
Add Pin To Net: Unknown Pin: Pin J401-4
Add Pin To Net: Unknown Pin: Pin J401-5
Add Pin To Net: Unknown Pin: Pin J401-6
Add Pin To Net: Unknown Pin: Pin J401-7
Add Pin To Net: Unknown Pin: Pin J401-11
Add Pin To Net: Unknown Pin: Pin J401-12
Add Pin To Net: Unknown Pin: Pin J401-13
Add Pin To Net: Unknown Pin: Pin J401-14
Add Pin To Net: Unknown Pin: Pin J402-1
Add Pin To Net: Unknown Pin: Pin J402-2
Add Pin To Net: Unknown Pin: Pin L1-1
Add Pin To Net: Unknown Pin: Pin L1-2
Add Pin To Net: Unknown Pin: Pin LS1-N
Add Pin To Net: Unknown Pin: Pin LS1-P
Add Pin To Net: Unknown Pin: Pin LS2-N
Add Pin To Net: Unknown Pin: Pin LS2-P
Add Pin To Net: Unknown Pin: Pin R1-1
Add Pin To Net: Unknown Pin: Pin R1-2
Add Pin To Net: Unknown Pin: Pin R2-1
Add Pin To Net: Unknown Pin: Pin R2-2
Add Pin To Net: Unknown Pin: Pin R3-1
Add Pin To Net: Unknown Pin: Pin R3-2
Add Pin To Net: Unknown Pin: Pin R4-1
Add Pin To Net: Unknown Pin: Pin R4-2
Add Pin To Net: Unknown Pin: Pin R5-1
Add Pin To Net: Unknown Pin: Pin R5-2
Add Pin To Net: Unknown Pin: Pin R6-1
Add Pin To Net: Unknown Pin: Pin R6-2
Add Pin To Net: Unknown Pin: Pin R10-1
Add Pin To Net: Unknown Pin: Pin R10-2
Add Pin To Net: Unknown Pin: Pin R11-1
Add Pin To Net: Unknown Pin: Pin R11-2
Add Pin To Net: Unknown Pin: Pin R201-1
Add Pin To Net: Unknown Pin: Pin R201-2
Add Pin To Net: Unknown Pin: Pin R202-1
Add Pin To Net: Unknown Pin: Pin R202-2
Add Pin To Net: Unknown Pin: Pin R203-1
Add Pin To Net: Unknown Pin: Pin R203-2
Add Pin To Net: Unknown Pin: Pin R204-1
Add Pin To Net: Unknown Pin: Pin R204-2
Add Pin To Net: Unknown Pin: Pin R205-1
Add Pin To Net: Unknown Pin: Pin R205-2
Add Pin To Net: Unknown Pin: Pin R206-1
Add Pin To Net: Unknown Pin: Pin R206-2
Add Pin To Net: Unknown Pin: Pin R207-1
Add Pin To Net: Unknown Pin: Pin R207-2
Add Pin To Net: Unknown Pin: Pin R208-1
Add Pin To Net: Unknown Pin: Pin R208-2
Add Pin To Net: Unknown Pin: Pin R209-1
Add Pin To Net: Unknown Pin: Pin R209-2
Add Pin To Net: Unknown Pin: Pin R210-1
Add Pin To Net: Unknown Pin: Pin R210-2
Add Pin To Net: Unknown Pin: Pin R211-1
Add Pin To Net: Unknown Pin: Pin R211-2
Add Pin To Net: Unknown Pin: Pin R212-1
Add Pin To Net: Unknown Pin: Pin R212-2
Add Pin To Net: Unknown Pin: Pin R213-1
Add Pin To Net: Unknown Pin: Pin R213-2
Add Pin To Net: Unknown Pin: Pin R214-1
Add Pin To Net: Unknown Pin: Pin R214-2
Add Pin To Net: Unknown Pin: Pin R215-1
Add Pin To Net: Unknown Pin: Pin R215-2
Add Pin To Net: Unknown Pin: Pin R216-1
Add Pin To Net: Unknown Pin: Pin R216-2
Add Pin To Net: Unknown Pin: Pin R301-1
Add Pin To Net: Unknown Pin: Pin R301-2
Add Pin To Net: Unknown Pin: Pin R302-1
Add Pin To Net: Unknown Pin: Pin R302-2
Add Pin To Net: Unknown Pin: Pin R303-1
Add Pin To Net: Unknown Pin: Pin R303-2
Add Pin To Net: Unknown Pin: Pin R304-1
Add Pin To Net: Unknown Pin: Pin R304-2
Add Pin To Net: Unknown Pin: Pin R401-1
Add Pin To Net: Unknown Pin: Pin R401-2
Add Pin To Net: Unknown Pin: Pin R402-1
Add Pin To Net: Unknown Pin: Pin R402-2
Add Pin To Net: Unknown Pin: Pin R404-1
Add Pin To Net: Unknown Pin: Pin R404-2
Add Pin To Net: Unknown Pin: Pin SW1-1
Add Pin To Net: Unknown Pin: Pin SW1-2
Add Pin To Net: Unknown Pin: Pin TP1-1
Add Pin To Net: Unknown Pin: Pin TP2-1
Add Pin To Net: Unknown Pin: Pin TP3-1
Add Pin To Net: Unknown Pin: Pin TP4-1
Add Pin To Net: Unknown Pin: Pin TP5-1
Add Pin To Net: Unknown Pin: Pin TP6-1
Add Pin To Net: Unknown Pin: Pin TP101-1
Add Pin To Net: Unknown Pin: Pin TP102-1
Add Pin To Net: Unknown Pin: Pin TP103-1
Add Pin To Net: Unknown Pin: Pin TP104-1
Add Pin To Net: Unknown Pin: Pin TP105-1
Add Pin To Net: Unknown Pin: Pin TP201-1
Add Pin To Net: Unknown Pin: Pin TP202-1
Add Pin To Net: Unknown Pin: Pin TP301-1
Add Pin To Net: Unknown Pin: Pin TP302-1
Add Pin To Net: Unknown Pin: Pin TP402-1
Add Pin To Net: Unknown Pin: Pin TP403-1
Add Pin To Net: Unknown Pin: Pin TP404-1
Add Pin To Net: Unknown Pin: Pin U1-1
Add Pin To Net: Unknown Pin: Pin U1-2
Add Pin To Net: Unknown Pin: Pin U1-3
Add Pin To Net: Unknown Pin: Pin U1-4
Add Pin To Net: Unknown Pin: Pin U1-5
Add Pin To Net: Unknown Pin: Pin U2-1
Add Pin To Net: Unknown Pin: Pin U2-2
Add Pin To Net: Unknown Pin: Pin U2-3
Add Pin To Net: Unknown Pin: Pin U2-4
Add Pin To Net: Unknown Pin: Pin U2-5
Add Pin To Net: Unknown Pin: Pin U2-6
Add Pin To Net: Unknown Pin: Pin U2-7
Add Pin To Net: Unknown Pin: Pin U2-8
Add Pin To Net: Unknown Pin: Pin U2-9
Add Pin To Net: Unknown Pin: Pin U2-10
Add Pin To Net: Unknown Pin: Pin U2-11
Add Pin To Net: Unknown Pin: Pin U101-1
Add Pin To Net: Unknown Pin: Pin U101-2
Add Pin To Net: Unknown Pin: Pin U101-3
Add Pin To Net: Unknown Pin: Pin U101-4
Add Pin To Net: Unknown Pin: Pin U101-5
Add Pin To Net: Unknown Pin: Pin U101-6
Add Pin To Net: Unknown Pin: Pin U101-7
Add Pin To Net: Unknown Pin: Pin U101-8
Add Pin To Net: Unknown Pin: Pin U101-10
Add Pin To Net: Unknown Pin: Pin U101-11
Add Pin To Net: Unknown Pin: Pin U101-12
Add Pin To Net: Unknown Pin: Pin U101-13
Add Pin To Net: Unknown Pin: Pin U101-14
Add Pin To Net: Unknown Pin: Pin U201-1
Add Pin To Net: Unknown Pin: Pin U201-2
Add Pin To Net: Unknown Pin: Pin U201-4
Add Pin To Net: Unknown Pin: Pin U201-5
Add Pin To Net: Unknown Pin: Pin U201-6
Add Pin To Net: Unknown Pin: Pin U201-7
Add Pin To Net: Unknown Pin: Pin U201-8
Add Pin To Net: Unknown Pin: Pin U201-9
Add Pin To Net: Unknown Pin: Pin U201-10
Add Pin To Net: Unknown Pin: Pin U201-11
Add Pin To Net: Unknown Pin: Pin U201-12
Add Pin To Net: Unknown Pin: Pin U201-13
Add Pin To Net: Unknown Pin: Pin U201-14
Add Pin To Net: Unknown Pin: Pin U201-15
Add Pin To Net: Unknown Pin: Pin U201-16
Add Pin To Net: Unknown Pin: Pin U201-17
Add Pin To Net: Unknown Pin: Pin U201-18
Add Pin To Net: Unknown Pin: Pin U201-19
Add Pin To Net: Unknown Pin: Pin U201-20
Add Pin To Net: Unknown Pin: Pin U202-1
Add Pin To Net: Unknown Pin: Pin U202-2
Add Pin To Net: Unknown Pin: Pin U202-4
Add Pin To Net: Unknown Pin: Pin U202-5
Add Pin To Net: Unknown Pin: Pin U202-6
Add Pin To Net: Unknown Pin: Pin U202-7
Add Pin To Net: Unknown Pin: Pin U202-8
Add Pin To Net: Unknown Pin: Pin U202-9
Add Pin To Net: Unknown Pin: Pin U202-10
Add Pin To Net: Unknown Pin: Pin U202-11
Add Pin To Net: Unknown Pin: Pin U202-12
Add Pin To Net: Unknown Pin: Pin U202-13
Add Pin To Net: Unknown Pin: Pin U202-14
Add Pin To Net: Unknown Pin: Pin U202-15
Add Pin To Net: Unknown Pin: Pin U202-16
Add Pin To Net: Unknown Pin: Pin U202-17
Add Pin To Net: Unknown Pin: Pin U202-18
Add Pin To Net: Unknown Pin: Pin U202-19
Add Pin To Net: Unknown Pin: Pin U202-20
Add Pin To Net: Unknown Pin: Pin U301-1
Add Pin To Net: Unknown Pin: Pin U301-2
Add Pin To Net: Unknown Pin: Pin U301-3
Add Pin To Net: Unknown Pin: Pin U302-1
Add Pin To Net: Unknown Pin: Pin U302-2
Add Pin To Net: Unknown Pin: Pin U302-3
Add Pin To Net: Unknown Pin: Pin U401-1
Add Pin To Net: Unknown Pin: Pin U401-7
Add Pin To Net: Unknown Pin: Pin U401-8
Add Pin To Net: Unknown Pin: Pin U401-9
Add Pin To Net: Unknown Pin: Pin U401-10
Add Pin To Net: Unknown Pin: Pin U401-11
Add Pin To Net: Unknown Pin: Pin U401-12
Add Pin To Net: Unknown Pin: Pin U401-13
Add Pin To Net: Unknown Pin: Pin U401-14
Add Pin To Net: Unknown Pin: Pin U401-15
Add Pin To Net: Unknown Pin: Pin U401-16
Add Pin To Net: Unknown Pin: Pin U401-17
Add Pin To Net: Unknown Pin: Pin U401-18
Add Pin To Net: Unknown Pin: Pin U401-22
Add Pin To Net: Unknown Pin: Pin U401-23
Add Pin To Net: Unknown Pin: Pin U401-24
Add Pin To Net: Unknown Pin: Pin U401-25
Add Pin To Net: Unknown Pin: Pin U401-27
Add Pin To Net: Unknown Pin: Pin U401-29
Add Pin To Net: Unknown Pin: Pin U401-30
Add Pin To Net: Unknown Pin: Pin U401-31
Add Pin To Net: Unknown Pin: Pin U401-34
Add Pin To Net: Unknown Pin: Pin U401-35
Add Pin To Net: Unknown Pin: Pin U401-36
Add Pin To Net: Unknown Pin: Pin U401-37
Add Pin To Net: Unknown Pin: Pin U401-39
Add Pin To Net: Unknown Pin: Pin U401-40
Add Pin To Net: Unknown Pin: Pin U401-41
Add Pin To Net: Unknown Pin: Pin U401-42
Add Pin To Net: Unknown Pin: Pin U401-43
Add Pin To Net: Unknown Pin: Pin U401-44
Add Pin To Net: Unknown Pin: Pin U401-45
Add Pin To Net: Unknown Pin: Pin U401-46
Add Pin To Net: Unknown Pin: Pin U401-47
Add Pin To Net: Unknown Pin: Pin U401-48
Add Class Member: Failed to add class member : Component C1 GMC10X7R475K10NT
Add Class Member: Failed to add class member : Component C2 GMC10X7R475K10NT
Add Class Member: Failed to add class member : Component C3 GRM188R61A106ME69D
Add Class Member: Failed to add class member : Component C4 GRM188R61A106ME69D
Add Class Member: Failed to add class member : Component C5 GRM188R61A106ME69D
Add Class Member: Failed to add class member : Component C6 KGM15AR70J104JT
Add Class Member: Failed to add class member : Component C101 KGM15AR70J104JT
Add Class Member: Failed to add class member : Component C102 GRM188R61E225KA12D
Add Class Member: Failed to add class member : Component C103 KGM15AV51H103ZT
Add Class Member: Failed to add class member : Component C201 KGM15AR70J104JT
Add Class Member: Failed to add class member : Component C202 KGM15AR70J104JT
Add Class Member: Failed to add class member : Component C401 GMC10X7R475K10NT
Add Class Member: Failed to add class member : Component C402 KGM15AR70J104JT
Add Class Member: Failed to add class member : Component C403 KGM15AR70J104JT
Add Class Member: Failed to add class member : Component C404 KGM15AR70J104JT
Add Class Member: Failed to add class member : Component C405 KGM15AR70J104JT
Add Class Member: Failed to add class member : Component C406 KGM15AR70J104JT
Add Class Member: Failed to add class member : Component D1 T1681UY--20C000212U1930
Add Class Member: Failed to add class member : Component D201 T1681UY--20C000212U1930
Add Class Member: Failed to add class member : Component D202 T1681UY--20C000212U1930
Add Class Member: Failed to add class member : Component D203 T1681UY--20C000212U1930
Add Class Member: Failed to add class member : Component D204 T1681UY--20C000212U1930
Add Class Member: Failed to add class member : Component D205 T1681UY--20C000212U1930
Add Class Member: Failed to add class member : Component D206 T1681UY--20C000212U1930
Add Class Member: Failed to add class member : Component D207 T1681UY--20C000212U1930
Add Class Member: Failed to add class member : Component D208 T1681UY--20C000212U1930
Add Class Member: Failed to add class member : Component D209 T1681UY--20C000212U1930
Add Class Member: Failed to add class member : Component D210 T1681UY--20C000212U1930
Add Class Member: Failed to add class member : Component D211 T1681UY--20C000212U1930
Add Class Member: Failed to add class member : Component D212 T1681UY--20C000212U1930
Add Class Member: Failed to add class member : Component D213 T1681UY--20C000212U1930
Add Class Member: Failed to add class member : Component D214 T1681UY--20C000212U1930
Add Class Member: Failed to add class member : Component D301 SDR08C04LP3-7B
Add Class Member: Failed to add class member : Component D302 SDR08C04LP3-7B
Add Class Member: Failed to add class member : Component D401 AP3216ID
Add Class Member: Failed to add class member : Component J1 USB4125-GF-A
Add Class Member: Failed to add class member : Component J2 0530480210
Add Class Member: Failed to add class member : Component J401 3220-14-0100-00
Add Class Member: Failed to add class member : Component J402 100-mil-JUMPER
Add Class Member: Failed to add class member : Component L1 CIGW252010GL2R2MNE
Add Class Member: Failed to add class member : Component LS1 SP-1304
Add Class Member: Failed to add class member : Component LS2 SP-1304
Add Class Member: Failed to add class member : Component R1 RC0603FR-075K1L
Add Class Member: Failed to add class member : Component R2 RC0603FR-075K1L
Add Class Member: Failed to add class member : Component R3 ERJ-3EKF4700V
Add Class Member: Failed to add class member : Component R4 ERJ-3EKF2001V
Add Class Member: Failed to add class member : Component R5 RT0603BRD0750KL
Add Class Member: Failed to add class member : Component R6 RT0603BRD0750KL
Add Class Member: Failed to add class member : Component R10 ERJ-3GEY0R00V
Add Class Member: Failed to add class member : Component R11 ERJ-3GEY0R00V
Add Class Member: Failed to add class member : Component R101 ERJ-3EKF1002V
Add Class Member: Failed to add class member : Component R102 ERJ-3EKF1002V
Add Class Member: Failed to add class member : Component R103 ERJ-3EKF1002V
Add Class Member: Failed to add class member : Component R104 ERJ-3EKF1002V
Add Class Member: Failed to add class member : Component R201 ERJ-3EKF1200V
Add Class Member: Failed to add class member : Component R202 ERJ-3EKF1200V
Add Class Member: Failed to add class member : Component R203 ERJ-3EKF1200V
Add Class Member: Failed to add class member : Component R204 ERJ-3EKF1200V
Add Class Member: Failed to add class member : Component R205 ERJ-3EKF1200V
Add Class Member: Failed to add class member : Component R206 ERJ-3EKF1200V
Add Class Member: Failed to add class member : Component R207 ERJ-3EKF1200V
Add Class Member: Failed to add class member : Component R208 ERJ-3EKF1200V
Add Class Member: Failed to add class member : Component R209 ERJ-3EKF1200V
Add Class Member: Failed to add class member : Component R210 ERJ-3EKF1200V
Add Class Member: Failed to add class member : Component R211 ERJ-3EKF1200V
Add Class Member: Failed to add class member : Component R212 ERJ-3EKF1200V
Add Class Member: Failed to add class member : Component R213 ERJ-3EKF1200V
Add Class Member: Failed to add class member : Component R214 ERJ-3EKF1200V
Add Class Member: Failed to add class member : Component R215 ERJ-3EKF1002V
Add Class Member: Failed to add class member : Component R216 ERJ-3EKF1002V
Add Class Member: Failed to add class member : Component R301 ERJ-3EKF1002V
Add Class Member: Failed to add class member : Component R302 ERJ-P06J110V
Add Class Member: Failed to add class member : Component R303 ERJ-3EKF1002V
Add Class Member: Failed to add class member : Component R304 ERJ-P06J110V
Add Class Member: Failed to add class member : Component R401 ERJ-3EKF4700V
Add Class Member: Failed to add class member : Component R402 ERJ-3EKF1002V
Add Class Member: Failed to add class member : Component R404 ERJ-3EKF1002V
Add Class Member: Failed to add class member : Component SW1 SLW-864574-5A-RA-N-D
Add Class Member: Failed to add class member : Component TP1 25-mil-TP
Add Class Member: Failed to add class member : Component TP2 25-mil-TP
Add Class Member: Failed to add class member : Component TP3 25-mil-TP
Add Class Member: Failed to add class member : Component TP4 25-mil-TP
Add Class Member: Failed to add class member : Component TP5 25-mil-TP
Add Class Member: Failed to add class member : Component TP6 25-mil-TP
Add Class Member: Failed to add class member : Component TP101 25-mil-TP
Add Class Member: Failed to add class member : Component TP102 25-mil-TP
Add Class Member: Failed to add class member : Component TP103 25-mil-TP
Add Class Member: Failed to add class member : Component TP104 25-mil-TP
Add Class Member: Failed to add class member : Component TP105 25-mil-TP
Add Class Member: Failed to add class member : Component TP201 25-mil-TP
Add Class Member: Failed to add class member : Component TP202 25-mil-TP
Add Class Member: Failed to add class member : Component TP301 25-mil-TP
Add Class Member: Failed to add class member : Component TP302 25-mil-TP
Add Class Member: Failed to add class member : Component TP402 25-mil-TP
Add Class Member: Failed to add class member : Component TP403 25-mil-TP
Add Class Member: Failed to add class member : Component TP404 25-mil-TP
Add Class Member: Failed to add class member : Component U1 MCP73831T-2ATI/OT
Add Class Member: Failed to add class member : Component U2 RT6150B-33GQW
Add Class Member: Failed to add class member : Component U101 ICM-42670-P
Add Class Member: Failed to add class member : Component U201 MC74HC244ADTR2G
Add Class Member: Failed to add class member : Component U202 MC74HC244ADTR2G
Add Class Member: Failed to add class member : Component U301 DMG1012UW-7
Add Class Member: Failed to add class member : Component U302 DMG1012UW-7
Add Class Member: Failed to add class member : Component U401 STM32L412C8T6
