Added Component: Designator=U101(ICM-42670-P)
Add component (AddParameter): Name = "Manufacturer"; Value = "TDK InvenSense"; VariantName = "[No Variations]"
Add component (AddParameter): Name = "Manufacturer PN"; Value = "ICM-42670-P"; VariantName = "[No Variations]"
Add component (AddParameter): Name = "Package"; Value = "LGA-14"; VariantName = "[No Variations]"
Add component (AddParameter): Name = "Vendor"; Value = "Mouser"; VariantName = "[No Variations]"
Add component (AddParameter): Name = "Vendor PN"; Value = "410-ICM-42670-P"; VariantName = "[No Variations]"
Added Pin To Net: NetName=NetTP104_1 Pin=U101-1
Added Pin To Net: NetName=GND Pin=U101-2
Added Pin To Net: NetName=GND Pin=U101-3
Added Pin To Net: NetName=NetTP105_1 Pin=U101-4
Added Pin To Net: NetName=+3V3 Pin=U101-5
Added Pin To Net: NetName=GND Pin=U101-6
Added Pin To Net: NetName=GND Pin=U101-7
Added Pin To Net: NetName=+3V3 Pin=U101-8
Added Pin To Net: NetName=GND Pin=U101-10
Added Pin To Net: NetName=GND Pin=U101-11
Added Pin To Net: NetName=NetTP101_1 Pin=U101-12
Added Pin To Net: NetName=NetTP102_1 Pin=U101-13
Added Pin To Net: NetName=NetTP103_1 Pin=U101-14
Added Member To Class: ClassName=bici-imu Member=Component U101 ICM-42670-P
